// Jest Snapshot v1, https://goo.gl/fbAQLP

exports[`MinHeap should push values to heap 1`] = `
Array [
  42,
  43,
  46,
  44,
]
`;
